// Jest Snapshot v1, https://goo.gl/fbAQLP

exports[`Drop down list field control in edit/new view should set all the props 1`] = `
<WithStyles(ForwardRef(FormControl))
  disabled={true}
  required={true}
  style={
    Object {
      "minWidth": "220px",
      "width": "100%",
    }
  }
>
  <WithStyles(ForwardRef(InputLabel))
    htmlFor="VersioningMode"
    shrink={true}
  >
    Versioning Mode For Current Content
  </WithStyles(ForwardRef(InputLabel))>
  <WithStyles(ForwardRef(Select))
    autoWidth={true}
    fullWidth={true}
    inputProps={
      Object {
        "id": "VersioningMode",
        "name": "VersioningMode",
      }
    }
    name="VersioningMode"
    onChange={[Function]}
    value={
      Array [
        "0",
      ]
    }
  >
    <WithStyles(ForwardRef(MenuItem))
      key="0"
      selected={true}
      value="0"
    >
      Inherited
    </WithStyles(ForwardRef(MenuItem))>
    <WithStyles(ForwardRef(MenuItem))
      key="1"
      selected={false}
      value="1"
    >
      None
    </WithStyles(ForwardRef(MenuItem))>
    <WithStyles(ForwardRef(MenuItem))
      key="2"
      selected={false}
      value="2"
    >
      Major only
    </WithStyles(ForwardRef(MenuItem))>
    <WithStyles(ForwardRef(MenuItem))
      key="3"
      selected={false}
      value="3"
    >
      Major and minor
    </WithStyles(ForwardRef(MenuItem))>
  </WithStyles(ForwardRef(Select))>
  <WithStyles(ForwardRef(FormHelperText))>
    It shows the versioning mode of the current content.
  </WithStyles(ForwardRef(FormHelperText))>
</WithStyles(ForwardRef(FormControl))>
`;
