// Jest Snapshot v1, https://goo.gl/fbAQLP

exports[`Number field control in browse view should show the displayname and fieldValue when fieldValue is provided 1`] = `
<div>
  <WithStyles(ForwardRef(Typography))
    gutterBottom={true}
    variant="caption"
  >
    Index
  </WithStyles(ForwardRef(Typography))>
  <WithStyles(ForwardRef(Typography))
    gutterBottom={true}
    variant="body1"
  >
    123
  </WithStyles(ForwardRef(Typography))>
</div>
`;

exports[`Number field control in edit/new view should set all the props 1`] = `
<Fragment>
  <WithStyles(ForwardRef(TextField))
    InputLabelProps={
      Object {
        "shrink": true,
      }
    }
    InputProps={
      Object {
        "endAdornment": <WithStyles(ForwardRef(InputAdornment))
          position="end"
        >
          %
        </WithStyles(ForwardRef(InputAdornment))>,
        "startAdornment": <WithStyles(ForwardRef(InputAdornment))
          position="start"
        >
          en-US
        </WithStyles(ForwardRef(InputAdornment))>,
      }
    }
    disabled={true}
    id="Index"
    inputProps={
      Object {
        "max": 50,
        "min": 4,
        "step": 1,
      }
    }
    label="Index"
    name="Index"
    onChange={[Function]}
    placeholder="0"
    required={true}
    style={
      Object {
        "width": "100%",
      }
    }
    type="text"
    value={7}
  />
  <WithStyles(ForwardRef(FormHelperText))>
    Content order in navigation. Numbers closer to 0 will appear first.
  </WithStyles(ForwardRef(FormHelperText))>
</Fragment>
`;
