// Jest Snapshot v1, https://goo.gl/fbAQLP

exports[`Name field control in browse view should show the displayname and fieldValue when fieldValue is provided 1`] = `
<div>
  <WithStyles(ForwardRef(Typography))
    gutterBottom={true}
    variant="caption"
  >
    Page Count
  </WithStyles(ForwardRef(Typography))>
  <WithStyles(ForwardRef(Typography))
    gutterBottom={true}
    variant="body1"
  >
    1
  </WithStyles(ForwardRef(Typography))>
</div>
`;

exports[`Name field control in edit/new view should set all the props 1`] = `
<Fragment>
  <WithStyles(ForwardRef(TextField))
    fullWidth={true}
    id="PageCount"
    label="Page Count"
    name="PageCount"
    onChange={[Function]}
    placeholder="Page Count"
    type="number"
    value="1"
  />
  <WithStyles(ForwardRef(FormHelperText))>
    Read-only field for storing the number of pages in the document. It is filled by the document preview generator.
  </WithStyles(ForwardRef(FormHelperText))>
</Fragment>
`;
