// Jest Snapshot v1, https://goo.gl/fbAQLP

exports[`Password field control should set all the props 1`] = `
<WithStyles(ForwardRef(FormControl))
  className="makeStyles-root-1"
  fullWidth={true}
>
  <WithStyles(ForwardRef(InputLabel))
    htmlFor="Password"
    shrink={true}
  >
    Password
  </WithStyles(ForwardRef(InputLabel))>
  <WithStyles(ForwardRef(Input))
    autoComplete="new-password"
    disabled={true}
    endAdornment={
      <WithStyles(ForwardRef(InputAdornment))
        position="end"
      >
        <WithStyles(ForwardRef(IconButton))
          aria-label="Toggle password visibility"
          onClick={[Function]}
        >
          <WithStyles(ForwardRef(Icon))>
            visibility
          </WithStyles(ForwardRef(Icon))>
        </WithStyles(ForwardRef(IconButton))>
      </WithStyles(ForwardRef(InputAdornment))>
    }
    fullWidth={true}
    id="Password"
    name="Password"
    onChange={[Function]}
    required={true}
    type="password"
    value=""
  />
  <WithStyles(ForwardRef(FormHelperText))>
    User password.
  </WithStyles(ForwardRef(FormHelperText))>
</WithStyles(ForwardRef(FormControl))>
`;
