// Jest Snapshot v1, https://goo.gl/fbAQLP

exports[`Rich text editor field control in browse view should show the displayname and fieldValue when fieldValue is provided 1`] = `
<div>
  <WithStyles(ForwardRef(Typography))
    gutterBottom={true}
    variant="caption"
  >
    Description of the field
  </WithStyles(ForwardRef(Typography))>
  <div
    dangerouslySetInnerHTML={
      Object {
        "__html": "<h1>Hello World</h1>",
      }
    }
  />
</div>
`;
