// Jest Snapshot v1, https://goo.gl/fbAQLP

exports[`Textarea field control in browse view should show the displayname and fieldValue when fieldValue is provided 1`] = `
<div>
  <WithStyles(ForwardRef(Typography))
    gutterBottom={true}
    variant="caption"
  >
    Description of the field
  </WithStyles(ForwardRef(Typography))>
  <WithStyles(ForwardRef(Typography))
    component="div"
    gutterBottom={true}
    variant="body1"
  >
    Hello World
  </WithStyles(ForwardRef(Typography))>
</div>
`;

exports[`Textarea field control in edit/new view should set all the props 1`] = `
<WithStyles(ForwardRef(TextField))
  disabled={true}
  fullWidth={true}
  helperText="description"
  id="Description"
  label="Description of the field"
  multiline={true}
  name="Description"
  onChange={[Function]}
  placeholder="Description of the field"
  required={true}
  value="Hello World"
/>
`;
